[INFO] Scanning for projects...
[INFO] 
[INFO] ------------------< com.antonela:antonela-art-salon >-------------------
[INFO] Building Antonela Art Salon 1.0.0-SNAPSHOT
[INFO]   from pom.xml
[INFO] --------------------------------[ jar ]---------------------------------
[INFO] 
[INFO] >>> spring-boot:3.4.4:run (default-cli) > test-compile @ antonela-art-salon >>>
[INFO] 
[INFO] --- resources:3.3.1:resources (default-resources) @ antonela-art-salon ---
[INFO] Copying 1 resource from src\main\resources to target\classes
[INFO] Copying 0 resource from src\main\resources to target\classes
[INFO] 
[INFO] --- compiler:3.13.0:compile (default-compile) @ antonela-art-salon ---
[INFO] Nothing to compile - all classes are up to date.
[INFO] 
[INFO] --- resources:3.3.1:testResources (default-testResources) @ antonela-art-salon ---
[INFO] skip non existing resourceDirectory C:\Users\USER\Desktop\AntonellaArt\backend\src\test\resources
[INFO] 
[INFO] --- compiler:3.13.0:testCompile (default-testCompile) @ antonela-art-salon ---
[INFO] Nothing to compile - all classes are up to date.
[INFO] 
[INFO] <<< spring-boot:3.4.4:run (default-cli) < test-compile @ antonela-art-salon <<<
[INFO] 
[INFO] 
[INFO] --- spring-boot:3.4.4:run (default-cli) @ antonela-art-salon ---
[INFO] Attaching agents: []

  .   ____          _            __ _ _
 /\\ / ___'_ __ _ _(_)_ __  __ _ \ \ \ \
( ( )\___ | '_ | '_| | '_ \/ _` | \ \ \ \
 \\/  ___)| |_)| | | | | || (_| |  ) ) ) )
  '  |____| .__|_| |_|_| |_\__, | / / / /
 =========|_|==============|___/=/_/_/_/

 :: Spring Boot ::                (v3.4.4)

2026-05-23T22:25:23.258-05:00  INFO 10284 --- [           main] c.antonela.art.AntonelaArtApplication    : Starting AntonelaArtApplication using Java 24.0.2 with PID 10284 (C:\Users\USER\Desktop\AntonellaArt\backend\target\classes started by USER in C:\Users\USER\Desktop\AntonellaArt\backend)
2026-05-23T22:25:23.261-05:00  INFO 10284 --- [           main] c.antonela.art.AntonelaArtApplication    : No active profile set, falling back to 1 default profile: "default"
2026-05-23T22:25:23.799-05:00  INFO 10284 --- [           main] .s.d.r.c.RepositoryConfigurationDelegate : Bootstrapping Spring Data JPA repositories in DEFAULT mode.
2026-05-23T22:25:23.882-05:00  INFO 10284 --- [           main] .s.d.r.c.RepositoryConfigurationDelegate : Finished Spring Data repository scanning in 74 ms. Found 13 JPA repository interfaces.
2026-05-23T22:25:24.326-05:00  INFO 10284 --- [           main] o.s.b.w.embedded.tomcat.TomcatWebServer  : Tomcat initialized with port 8080 (http)
2026-05-23T22:25:24.339-05:00  INFO 10284 --- [           main] o.apache.catalina.core.StandardService   : Starting service [Tomcat]
2026-05-23T22:25:24.339-05:00  INFO 10284 --- [           main] o.apache.catalina.core.StandardEngine    : Starting Servlet engine: [Apache Tomcat/10.1.39]
2026-05-23T22:25:24.385-05:00  INFO 10284 --- [           main] o.a.c.c.C.[Tomcat].[localhost].[/]       : Initializing Spring embedded WebApplicationContext
2026-05-23T22:25:24.386-05:00  INFO 10284 --- [           main] w.s.c.ServletWebServerApplicationContext : Root WebApplicationContext: initialization completed in 1084 ms
2026-05-23T22:25:24.520-05:00  INFO 10284 --- [           main] o.hibernate.jpa.internal.util.LogHelper  : HHH000204: Processing PersistenceUnitInfo [name: default]
2026-05-23T22:25:24.561-05:00  INFO 10284 --- [           main] org.hibernate.Version                    : HHH000412: Hibernate ORM core version 6.6.11.Final
2026-05-23T22:25:24.587-05:00  INFO 10284 --- [           main] o.h.c.internal.RegionFactoryInitiator    : HHH000026: Second-level cache disabled
2026-05-23T22:25:24.821-05:00  INFO 10284 --- [           main] o.s.o.j.p.SpringPersistenceUnitInfo      : No LoadTimeWeaver setup: ignoring JPA class transformer
2026-05-23T22:25:24.846-05:00  INFO 10284 --- [           main] com.zaxxer.hikari.HikariDataSource       : HikariPool-1 - Starting...
2026-05-23T22:25:24.987-05:00  INFO 10284 --- [           main] com.zaxxer.hikari.pool.HikariPool        : HikariPool-1 - Added connection org.postgresql.jdbc.PgConnection@4fd80300
2026-05-23T22:25:24.990-05:00  INFO 10284 --- [           main] com.zaxxer.hikari.HikariDataSource       : HikariPool-1 - Start completed.
2026-05-23T22:25:25.018-05:00  WARN 10284 --- [           main] org.hibernate.orm.deprecation            : HHH90000025: PostgreSQLDialect does not need to be specified explicitly using 'hibernate.dialect' (remove the property setting and it will be selected by default)
2026-05-23T22:25:25.033-05:00  INFO 10284 --- [           main] org.hibernate.orm.connections.pooling    : HHH10001005: Database info:
	Database JDBC URL [Connecting through datasource 'HikariDataSource (HikariPool-1)']
	Database driver: undefined/unknown
	Database version: 18.4
	Autocommit mode: undefined/unknown
	Isolation level: undefined/unknown
	Minimum pool size: undefined/unknown
	Maximum pool size: undefined/unknown
2026-05-23T22:25:25.838-05:00  INFO 10284 --- [           main] o.h.e.t.j.p.i.JtaPlatformInitiator       : HHH000489: No JTA platform available (set 'hibernate.transaction.jta.platform' to enable JTA platform integration)
2026-05-23T22:25:25.884-05:00  INFO 10284 --- [           main] j.LocalContainerEntityManagerFactoryBean : Initialized JPA EntityManagerFactory for persistence unit 'default'
2026-05-23T22:25:26.217-05:00  WARN 10284 --- [           main] JpaBaseConfiguration$JpaWebConfiguration : spring.jpa.open-in-view is enabled by default. Therefore, database queries may be performed during view rendering. Explicitly configure spring.jpa.open-in-view to disable this warning
2026-05-23T22:25:26.231-05:00  WARN 10284 --- [           main] .s.s.UserDetailsServiceAutoConfiguration : 

Using generated security password: 32bbe996-85e7-4308-9ab2-fd4b9b4c51dc

This generated password is for development use only. Your security configuration must be updated before running your application in production.

2026-05-23T22:25:26.241-05:00  INFO 10284 --- [           main] r$InitializeUserDetailsManagerConfigurer : Global AuthenticationManager configured with UserDetailsService bean with name inMemoryUserDetailsManager
2026-05-23T22:25:26.686-05:00  INFO 10284 --- [           main] o.s.b.w.embedded.tomcat.TomcatWebServer  : Tomcat started on port 8080 (http) with context path '/'
2026-05-23T22:25:26.693-05:00  INFO 10284 --- [           main] c.antonela.art.AntonelaArtApplication    : Started AntonelaArtApplication in 3.765 seconds (process running for 4.045)
2026-05-23T22:30:38.365-05:00  INFO 10284 --- [nio-8080-exec-1] o.a.c.c.C.[Tomcat].[localhost].[/]       : Initializing Spring DispatcherServlet 'dispatcherServlet'
2026-05-23T22:30:38.365-05:00  INFO 10284 --- [nio-8080-exec-1] o.s.web.servlet.DispatcherServlet        : Initializing Servlet 'dispatcherServlet'
2026-05-23T22:30:38.366-05:00  INFO 10284 --- [nio-8080-exec-1] o.s.web.servlet.DispatcherServlet        : Completed initialization in 1 ms
2026-05-23T22:30:38.562-05:00  INFO 10284 --- [nio-8080-exec-4] c.a.art.controller.CatalogoController    : Solicitando catalogo de servicios
Hibernate: 
    select
        s1_0.id,
        s1_0.actualizado_en,
        s1_0.creado_en,
        s1_0.descripcion,
        s1_0.nombre,
        s1_0.precio_maximo,
        s1_0.precio_minimo 
    from
        servicios s1_0
2026-05-23T22:30:52.174-05:00  INFO 10284 --- [nio-8080-exec-2] c.a.art.controller.CatalogoController    : Solicitando catalogo de servicios
Hibernate: 
    select
        s1_0.id,
        s1_0.actualizado_en,
        s1_0.creado_en,
        s1_0.descripcion,
        s1_0.nombre,
        s1_0.precio_maximo,
        s1_0.precio_minimo 
    from
        servicios s1_0
2026-05-23T22:30:52.184-05:00  INFO 10284 --- [nio-8080-exec-5] c.a.art.controller.CatalogoController    : Solicitando catalogo de servicios
Hibernate: 
    select
        s1_0.id,
        s1_0.actualizado_en,
        s1_0.creado_en,
        s1_0.descripcion,
        s1_0.nombre,
        s1_0.precio_maximo,
        s1_0.precio_minimo 
    from
        servicios s1_0
2026-05-23T22:30:58.052-05:00  INFO 10284 --- [nio-8080-exec-8] c.a.art.controller.CatalogoController    : Solicitando catalogo de productos con disponible=true
Hibernate: 
    select
        p1_0.id,
        p1_0.actualizado_en,
        p1_0.creado_en,
        p1_0.descripcion,
        p1_0.disponible,
        p1_0.nombre,
        p1_0.precio,
        p1_0.url_imagen 
    from
        productos p1_0 
    where
        p1_0.disponible
2026-05-23T22:30:58.070-05:00  INFO 10284 --- [nio-8080-exec-7] c.a.art.controller.CatalogoController    : Solicitando catalogo de productos con disponible=true
Hibernate: 
    select
        p1_0.id,
        p1_0.actualizado_en,
        p1_0.creado_en,
        p1_0.descripcion,
        p1_0.disponible,
        p1_0.nombre,
        p1_0.precio,
        p1_0.url_imagen 
    from
        productos p1_0 
    where
        p1_0.disponible
2026-05-23T22:31:09.818-05:00  INFO 10284 --- [nio-8080-exec-6] c.a.art.controller.CatalogoController    : Solicitando catalogo de servicios
Hibernate: 
    select
        s1_0.id,
        s1_0.actualizado_en,
        s1_0.creado_en,
        s1_0.descripcion,
        s1_0.nombre,
        s1_0.precio_maximo,
        s1_0.precio_minimo 
    from
        servicios s1_0
2026-05-23T22:31:09.826-05:00  INFO 10284 --- [nio-8080-exec-9] c.a.art.controller.CatalogoController    : Solicitando catalogo de servicios
Hibernate: 
    select
        s1_0.id,
        s1_0.actualizado_en,
        s1_0.creado_en,
        s1_0.descripcion,
        s1_0.nombre,
        s1_0.precio_maximo,
        s1_0.precio_minimo 
    from
        servicios s1_0
[INFO] ------------------------------------------------------------------------
[INFO] BUILD FAILURE
[INFO] ------------------------------------------------------------------------
[INFO] Total time:  06:12 min
[INFO] Finished at: 2026-05-23T22:31:33-05:00
[INFO] ------------------------------------------------------------------------
[ERROR] Failed to execute goal org.springframework.boot:spring-boot-maven-plugin:3.4.4:run (default-cli) on project antonela-art-salon: Process terminated with exit code: 1 -> [Help 1]
[ERROR] 
[ERROR] To see the full stack trace of the errors, re-run Maven with the -e switch.
[ERROR] Re-run Maven using the -X switch to enable full debug logging.
[ERROR] 
[ERROR] For more information about the errors and possible solutions, please read the following articles:
[ERROR] [Help 1] http://cwiki.apache.org/confluence/display/MAVEN/MojoExecutionException
